// Jest Snapshot v1, https://goo.gl/fbAQLP

exports[`GoogleAnalytics.tsx component should render when gid is provided 1`] = `
"<script class=\\"gaid\\" type=\\"text/plain\\">hoge</script><script async=\\"\\" src=\\"https://www.googletagmanager.com/gtag/js?id=hoge\\"></script><script>
                    window.dataLayer = window.dataLayer || [];
                    function gtag(){dataLayer.push(arguments);}
                    gtag('js', new Date());
                    gtag('config', 'hoge');
                    </script>"
`;
